FM_TEST_BEGIN 2026-09-17T12:57:55Z tests/fm-secondmate-sync.test.sh family=secondmate expected_gate_skip=none
ok - T1 updated: a behind home fast-forwards to the primary's local HEAD
ok - T2 current: an already-current home is a no-op and reports no instruction change
ok - T3 dirty: an uncommitted home is skipped, its edit preserved
ok - scratchpad2/ does not mark a secondmate home dirty for the sync guard
ok - T4 diverged: a home that is not an ancestor of the primary's HEAD is skipped
ok - T5 in-flight: a home on a feature branch is skipped, its work preserved
ok - T6 no fetch: the local-HEAD sync never invokes git fetch
ok - T7 sweep nudges on a real instruction change only, but still fast-forwards
ok - T8 bootstrap sweeps live homes and sends exactly one marked nudge for the instruction change
not ok - nudge should ride the fire-and-forget plane (delivery= marker) (missing: 'delivery=')
--- output ---
schema=fm-task-inbox.v1
at=2026-09-17T12:58:13Z
--
[fm-from-firstmate]⁣corr=70a80d1081c65cbd firstmate was updated to the latest - please re-read your AGENTS.md to pick up the new instructions.
FM_TEST_END 2026-09-17T12:58:16Z tests/fm-secondmate-sync.test.sh exit=1 duration_ms=20630 gate_skip=false
FM_TEST_SUMMARY total=1 failed=1 skipped_gate=0 duration_ms=21879
FM_TEST_SUMMARY_FAMILY family=secondmate count=1 duration_ms=20630 failed=1
FM_TEST_SLOWEST rank=1 script=tests/fm-secondmate-sync.test.sh duration_ms=20630
