FM_TEST_BEGIN 2026-09-17T12:53:25Z tests/fm-secondmate-restart.test.sh family=secondmate expected_gate_skip=none
FM_TEST_BEGIN 2026-09-17T12:53:25Z tests/fm-secondmate-sync.test.sh family=secondmate expected_gate_skip=none
ok - T1 updated: a behind home fast-forwards to the primary's local HEAD
ok - T2 current: an already-current home is a no-op and reports no instruction change
ok - T3 dirty: an uncommitted home is skipped, its edit preserved
ok - scratchpad2/ does not mark a secondmate home dirty for the sync guard
ok - T4 diverged: a home that is not an ancestor of the primary's HEAD is skipped
ok - T5 in-flight: a home on a feature branch is skipped, its work preserved
ok - T6 no fetch: the local-HEAD sync never invokes git fetch
ok - T7 sweep nudges on a real instruction change only, but still fast-forwards
ok - T8 bootstrap sweeps live homes and sends exactly one marked nudge for the instruction change
ok - the reread nudge never creates a pending-reply expectation it can never resolve
ok - T8a bootstrap nudge send respects FM_STATE_OVERRIDE
ok - T8f bootstrap nudge retry rejects malformed marker ids
ok - T8c failed bootstrap nudge is surfaced and recorded for retry
ok - T8d bootstrap nudge retry is idempotent after success
ok - T8e bootstrap nudge retry refuses a changed home instead of guessing
ok - T8b a stale herdr endpoint cannot lose a durably enqueued nudge, and fm-<id> resolves through post-respawn metadata
ok - T9 bootstrap surfaces a skipped dirty live secondmate home
ok - T10 spawn fast-forwards a secondmate worktree to the primary's local HEAD before launch
ok - T11 spawn warns when pre-launch sync is skipped
ok - T12 gitignored marker: a freshly seeded home reads clean to fleet-sync and the ff sweep
ok - T13 gitignored marker: an existing marker-only-dirty home converges, then reads clean
ok - T14 marker tolerance does not mask a genuinely dirty home
ok - R1 a remote home ahead of the host's Firstmate copy still advances to the primary's commit
ok - R1b a remote sync names exactly which instruction paths its advance changed
ok - R2 a missing target is imported from the host's Firstmate copy without moving it
ok - R3 a target neither side holds is imported from the home's own origin
ok - R4 an already-present target advances the home with no fetch available
ok - R5 a target neither the host copy nor the origin holds skips with an actionable reason
ok - R6 dirty, diverged, and feature-branch remote homes skip and are left untouched
ok - R7 a sync with no target still follows the host's own refreshed Firstmate copy
ok - R8 session start converges a remote home on the primary's default-branch commit
ok - R10 a host too old for a parent-targeted sync is reported with the command that fixes it
ok - R9 a remote launch leaves the home on the parent's commit while an ordinary spawn follows its own checkout
# all fm-secondmate-sync tests passed
FM_TEST_END 2026-09-17T12:55:24Z tests/fm-secondmate-sync.test.sh exit=0 duration_ms=117985 gate_skip=false
ok - T1 persist is a gate, and asks for open records and task status only
ok - T2 the mate persists before anything is stopped
ok - T2b an arrived persist answer is resolved before timeout
ok - T2c a reply between the preliminary scan and timeout decision wins
ok - T3 a runtime that cannot prove a restart falls back to the re-read message
ok - T4 every named mate is accounted for, including one this home does not know
ok - T5 a refused restart leaves the mate running and reports an unknown outcome
ok - T8 a local restart re-resolves this home's pin and reports the runtime that came up
ok - native Ultra survives local restart and the remote restart transport
ok - T6 a remote mate restarts through the host-local control plane over the fm-on hop
ok - T7 an unreachable host is reported honestly instead of claimed as reloaded
ok - T9 the persist gate retains its explicitly allocated correlation
ok - T10 pending persist answers are polled as one fleet
ok - T11 post-stop restart failure is never misreported as a nudge
ok - T12 relaunch waits do not block fleet persistence polling
ok - T13 a dead restart worker cannot hang the parent
ok - T14 a result published during reaping is honored
ok - T15 an already-current live mate is named by the update pass and genuinely restarted
ok - T16 an already-current mate with an unprovable runtime keeps the honest nudge path
# all fm-secondmate-restart tests passed
FM_TEST_END 2026-09-17T12:55:45Z tests/fm-secondmate-restart.test.sh exit=0 duration_ms=138966 gate_skip=false
FM_TEST_SUMMARY total=2 failed=0 skipped_gate=0 duration_ms=140345
FM_TEST_SUMMARY_FAMILY family=secondmate count=2 duration_ms=256951 failed=0
FM_TEST_SLOWEST rank=1 script=tests/fm-secondmate-restart.test.sh duration_ms=138966
FM_TEST_SLOWEST rank=2 script=tests/fm-secondmate-sync.test.sh duration_ms=117985
