ok - a remote-seeded secondmate home allocates and launches from its Treehouse pool
ok - a Treehouse slot claim names the launched task, refuses when unclaimable, and is dropped by a locked abort
ok - linked spawning home: primary preserves the primary before any refresh
ok - linked spawning home: primary-alias preserves the primary before any refresh
ok - linked spawning home: spawning preserves the primary before any refresh
ok - linked spawning home: scout preserves the primary before any refresh
ok - a stale pooled worktree refreshes to current origin/main before a crew branch is created
ok - --base-branch picks the copy's starting point and is recorded; a missing or local-only base refuses
ok - a spawn refuses when --base-branch and the brief's Base branch lines disagree
ok - a Base branch line in the captain's intent neither blocks nor redirects a spawn
ok - a based scout on a forge=gerrit project is refused at spawn
ok - a stale pooled worktree resolves and refreshes a non-main default branch
ok - direct-PR ships and scouts both refresh stale pooled worktrees before launch
ok - a dirty pooled worktree is refused without discarding its local work
ok - an unresolved remote default branch refuses the pooled worktree
ok - an unreachable origin refuses a potentially stale pooled worktree
ok - an origin-less pooled worktree launches as-is, skipping the freshness gate
ok - a dirty origin-less pooled worktree is refused without discarding its local work
ok - an origin configuration without a URL refuses the pooled worktree
ok - an empty origin configuration section refuses the pooled worktree
ok - an empty-only included origin section documents the accepted detection boundary
ok - an inactive conditional origin include leaves the pooled worktree origin-less
ok - an origin-less pool with a stale submodule pin refuses while naming both pins and no remedy
ok - an unpushed submodule commit keeps the uncommitted-work refusal and survives it
ok - work inside a submodule is still refused as uncommitted work, not called stale
ok - a stale pin carrying real work is refused conservatively, never called stale
ok - a stale pin beside other dirt yields the conservative refusal alone, with no stale-pin line
# all fm-spawn-pool-base-freshen tests passed
exit=0
